Menu
----
1. New Game
2. Load Game
3. Credits
4. Quit

> Invalid Input, Enter again
> Invalid Input, Enter again
> Invalid Input, Enter again
> Invalid Input, Enter again
> 	[48;2;0;255;34;30m ================================[m

	[1;37;41mDeveloped By: Syed Sabih Ali[m

	[1;37;41mStudent ID: s3528350[m

	[48;2;0;255;34;30m ================================[m

Menu
----
1. New Game
2. Load Game
3. Credits
4. Quit

> Invalid Input, Enter again
> 

Goodbye
