Menu
----
1. New Game
2. Load Game
3. Credits (Show student information)
4. Quit

> ==========================
 Team Name: AZUL UNITED
==========================

----------------------------------
Student 1:

Name: Syed Sabih Ali
Student ID: s3528350
Email: s3528350@student.rmit.edu.au
----------------------------------

----------------------------------
Student 2:

Name: Carlo Manfredi
Student ID: s3545832
Email: s3545832@student.rmit.edu.au
----------------------------------

----------------------------------
Menu
----
1. New Game
2. Load Game
3. Credits (Show student information)
4. Quit

> 

Goodbye
