Menu
----
1. New Game
2. Load Game
3. Credits (Show student information)
4. Quit

> Invalid Input, Enter again
> Invalid Input, Enter again
> Invalid Input, Enter again
> Invalid Input, Enter again
> Invalid Input, Enter again
> Invalid Input, Enter again
> 

Goodbye
