Menu
----
1. New Game
2. Load Game
3. Credits (Show student information)
4. Quit

> 
Starting a New Game
Enter a name for player 1
> Enter a name for player 2
> 
Let's Play!

			 *INSTRUCTIONS*

			Input formats: <type> <factory> <colour> <storage row>

			1. First you will type the command name e.g. turn, save or -1.
			   only these 3 are valid command names

			2. Then with a SPACE you will write the number of factory from which you
			   want to pick tiles. (This MUST be an integer (range 0 - 5) )

			3. Then with a SPACE you will write the colour of tile you want to pick
			   from that specified factory. (Valid colours: R, Y, B, L, U) all other inputs are invalid.

			4. Then at last, with a SPACE you will write the numebr of storage row.
			   (This MUST be an integer (range 1 - 5) )

			5. At any moment a player can enter -1 to exit the game and terminate 
			   the program. (CAUTION: All unsaved progress will be lost)

	=== Start Round ===
TURN FOR PLAYER:Player 1
Factories:
0: F 
1: Y L U Y 
2: U B R B 
3: U B L U 
4: B Y R L 
5: L U Y U 

Mosaic for Player 1
1:         .  || . . . . . 
2:       . .  || . . . . . 
3:     . . .  || . . . . . 
4:   . . . .  || . . . . . 
5: . . . . .  || . . . . . 
Broken: 

> Goodbye.
> 

Goodbye
